==========================================
SLURM_JOB_ID = 7092543
SLURM_NODELIST = hamilton01
SLURM_JOB_PARTITION = gpu
SLURM_JOB_USER = ludvins
SLURM_JOB_ACCOUNT = ada2_serv
SLURM_NPROCS = 
==========================================
export BASH_ENV=/etc/profile.d/modules.sh
mkdir: no se puede crear el directorio «/temporal/ludvins/7092543»: El fichero ya existe
/scratch/ludvins/.venv/lib64/python3.11/site-packages/torch/_tensor.py:868: UserWarning: non-inplace resize is deprecated
  warnings.warn("non-inplace resize is deprecated")
Number of samples:  444445
Input dimension:  (8,)
Label dimension:  1
Dataset: airline, Train size: 444445, Test size: 266666, Input dim: 8, Output dim: 1, Train mean: [[8.38411202]], Train std: [[35.15495033]]
Test RMSE of the backbone model: 40.4485
Min: (8,), Max: (8,)
Minibatches per epoch: 88889
Test metrics: {'RMSE': 37.49774920182527, 'NLL': 5.058599052747632, 'Q-10': 0.14821162052905132, 'Q-20': 0.30483826209565523, 'Q-30': 0.4651511628779072, 'Q-40': 0.6127327818319546, 'Q-50': 0.7322005805014512, 'Q-60': 0.8170632926582316, 'Q-70': 0.8706134265335663, 'Q-80': 0.9034447586118965, 'Q-90': 0.9292148230370576, 'CQM': 0.12834707086767716, 'CRPS': 17.162066030165075}
AUC for OOD detection: 0.4250
